#-----------------------------------------------------------
# Vivado v2024.2.2 (64-bit)
# SW Build 6060944 on Thu Mar 06 19:10:01 MST 2025
# IP Build 6050500 on Thu Mar  6 23:33:39 MST 2025
# SharedData Build 6060542 on Thu Mar 06 10:31:07 MST 2025
# Start of session at: Mon May  5 01:26:14 2025
# Process ID         : 14352
# Current directory  : C:/Users/taifun/Desktop/yadro_impulse/vivado_prj/yadro_task.runs/impl_1
# Command line       : vivado.exe -log calc.vdi -applog -product Vivado -messageDb vivado.pb -mode batch -source calc.tcl -notrace
# Log file           : C:/Users/taifun/Desktop/yadro_impulse/vivado_prj/yadro_task.runs/impl_1/calc.vdi
# Journal file       : C:/Users/taifun/Desktop/yadro_impulse/vivado_prj/yadro_task.runs/impl_1\vivado.jou
# Running On         : KOMPUTER
# Platform           : Windows Server 2016 or Windows 10
# Operating System   : 22621
# Processor Detail   : 13th Gen Intel(R) Core(TM) i5-13400F
# CPU Frequency      : 2496 MHz
# CPU Physical cores : 10
# CPU Logical cores  : 16
# Host memory        : 34187 MB
# Swap memory        : 5100 MB
# Total Virtual      : 39288 MB
# Available Virtual  : 20210 MB
#-----------------------------------------------------------
source calc.tcl -notrace
